Searching for miniprot in the path where compleasm.py is located
Searching for miniprot in the current execution path
Searching for miniprot in $PATH
Searching for hmmsearch in the path where compleasm.py is located
Searching for hmmsearch in the current execution path
Searching for hmmsearch in $PATH
miniprot execute command:
 /ibex/user/johnsoc/conda-environments/compleasm/bin/miniprot
Success download from https://busco-data.ezlab.org/v5/data/file_versions.tsv
Success download from https://busco-data.ezlab.org/v5/data/placement_files/list_of_reference_markers.eukaryota_odb10.2019-12-16.txt.tar.gz
Placement file extraction path: /ibex/user/johnsoc/busco_dbs/placement_files/list_of_reference_markers.eukaryota_odb10.2019-12-16.txt
Success download from https://busco-data.ezlab.org/v5/data/placement_files/list_of_reference_markers.eukaryota_odb12.2025-01-15.txt.tar.gz
Placement file extraction path: /ibex/user/johnsoc/busco_dbs/placement_files/list_of_reference_markers.eukaryota_odb12.2025-01-15.txt
Success download from https://busco-data.ezlab.org/v5/data/placement_files/mapping_taxid-lineage.eukaryota_odb10.2019-12-16.txt.tar.gz
Placement file extraction path: /ibex/user/johnsoc/busco_dbs/placement_files/mapping_taxid-lineage.eukaryota_odb10.2019-12-16.txt
Success download from https://busco-data.ezlab.org/v5/data/placement_files/mapping_taxid-lineage.eukaryota_odb12.2025-01-15.txt.tar.gz
Placement file extraction path: /ibex/user/johnsoc/busco_dbs/placement_files/mapping_taxid-lineage.eukaryota_odb12.2025-01-15.txt
Success download from https://busco-data.ezlab.org/v5/data/placement_files/mapping_taxids-busco_dataset_name.eukaryota_odb10.2019-12-16.txt.tar.gz
Placement file extraction path: /ibex/user/johnsoc/busco_dbs/placement_files/mapping_taxids-busco_dataset_name.eukaryota_odb10.2019-12-16.txt
Success download from https://busco-data.ezlab.org/v5/data/placement_files/mapping_taxids-busco_dataset_name.eukaryota_odb12.2025-01-15.txt.tar.gz
Placement file extraction path: /ibex/user/johnsoc/busco_dbs/placement_files/mapping_taxids-busco_dataset_name.eukaryota_odb12.2025-01-15.txt
Success download from https://busco-data.ezlab.org/v5/data/placement_files/supermatrix.aln.eukaryota_odb10.2019-12-16.faa.tar.gz
Placement file extraction path: /ibex/user/johnsoc/busco_dbs/placement_files/supermatrix.aln.eukaryota_odb10.2019-12-16.faa
Success download from https://busco-data.ezlab.org/v5/data/placement_files/supermatrix.aln.eukaryota_odb12.2025-01-15.faa.tar.gz
Placement file extraction path: /ibex/user/johnsoc/busco_dbs/placement_files/supermatrix.aln.eukaryota_odb12.2025-01-15.faa
Success download from https://busco-data.ezlab.org/v5/data/placement_files/tree.eukaryota_odb10.2019-12-16.nwk.tar.gz
Placement file extraction path: /ibex/user/johnsoc/busco_dbs/placement_files/tree.eukaryota_odb10.2019-12-16.nwk
Success download from https://busco-data.ezlab.org/v5/data/placement_files/tree.eukaryota_odb12.2025-01-15.nwk.tar.gz
Placement file extraction path: /ibex/user/johnsoc/busco_dbs/placement_files/tree.eukaryota_odb12.2025-01-15.nwk
Success download from https://busco-data.ezlab.org/v5/data/placement_files/tree_metadata.eukaryota_odb10.2019-12-16.txt.tar.gz
Placement file extraction path: /ibex/user/johnsoc/busco_dbs/placement_files/tree_metadata.eukaryota_odb10.2019-12-16.txt
Success download from https://busco-data.ezlab.org/v5/data/placement_files/tree_metadata.eukaryota_odb12.2025-01-15.txt.tar.gz
Placement file extraction path: /ibex/user/johnsoc/busco_dbs/placement_files/tree_metadata.eukaryota_odb12.2025-01-15.txt
Success download from https://busco-data.ezlab.org/v5/data/lineages/eukaryota_odb10.2024-01-08.tar.gz
Lineage file extraction path: /ibex/user/johnsoc/busco_dbs/eukaryota_odb10
Success download from https://busco-data.ezlab.org/v5/data/lineages/viridiplantae_odb10.2024-01-08.tar.gz
Lineage file extraction path: /ibex/user/johnsoc/busco_dbs/viridiplantae_odb10
lineage: viridiplantae_odb10
hmmsearch execute command:
 /ibex/user/johnsoc/conda-environments/compleasm/bin/hmmsearch
Warning: no reliable mappings found. All candidates do not pass the cutoff of BUSCO gene.
Warning: No reliable hits found! Check the lineage file: viridiplantae_odb10, alignment file: ../../results/2OW4BC1lvLRFRF_scaffold/giza/QC/compleasm/viridiplantae_odb10/miniprot_output.gff, hmmsearch output folder: ../../results/2OW4BC1lvLRFRF_scaffold/giza/QC/compleasm/viridiplantae_odb10/hmmer_output.

S:0.00%, 0
D:0.00%, 0
F:0.00%, 0
I:0.00%, 0
M:100.00%, 425
N:425

## Download lineage: 5.27(s)
## Run miniprot: 0.25(s)
## Analyze miniprot: 17.31(s)
## Total runtime: 22.83(s)
